Failed to sync Telegram replies [TypeError: fetch failed] {
  [cause]: Error [ConnectTimeoutError]: Connect Timeout Error (attempted addresses: 149.154.166.110:443, 2001:67c:4e8:f004::9:443, timeout: 10000ms)
      at ignore-listed frames {
    code: 'UND_ERR_CONNECT_TIMEOUT'
  }
}
Failed to sync Telegram replies [TypeError: fetch failed] {
  [cause]: Error [ConnectTimeoutError]: Connect Timeout Error (attempted addresses: 149.154.166.110:443, 2001:67c:4e8:f004::9:443, timeout: 10000ms)
      at ignore-listed frames {
    code: 'UND_ERR_CONNECT_TIMEOUT'
  }
}
Failed to sync Telegram replies [TypeError: fetch failed] {
  [cause]: Error [ConnectTimeoutError]: Connect Timeout Error (attempted addresses: 149.154.166.110:443, 2001:67c:4e8:f004::9:443, timeout: 10000ms)
      at ignore-listed frames {
    code: 'UND_ERR_CONNECT_TIMEOUT'
  }
}
Failed to sync Telegram replies [TypeError: fetch failed] {
  [cause]: Error [ConnectTimeoutError]: Connect Timeout Error (attempted addresses: 149.154.166.110:443, 2001:67c:4e8:f004::9:443, timeout: 10000ms)
      at ignore-listed frames {
    code: 'UND_ERR_CONNECT_TIMEOUT'
  }
}
Failed to sync Telegram replies [TypeError: fetch failed] {
  [cause]: Error [ConnectTimeoutError]: Connect Timeout Error (attempted addresses: 149.154.166.110:443, 2001:67c:4e8:f004::9:443, timeout: 10000ms)
      at ignore-listed frames {
    code: 'UND_ERR_CONNECT_TIMEOUT'
  }
}
Failed to sync Telegram replies [TypeError: fetch failed] {
  [cause]: Error [ConnectTimeoutError]: Connect Timeout Error (attempted addresses: 149.154.166.110:443, 2001:67c:4e8:f004::9:443, timeout: 10000ms)
      at ignore-listed frames {
    code: 'UND_ERR_CONNECT_TIMEOUT'
  }
}
Failed to sync Telegram replies [TypeError: fetch failed] {
  [cause]: Error [ConnectTimeoutError]: Connect Timeout Error (attempted addresses: 149.154.166.110:443, 2001:67c:4e8:f004::9:443, timeout: 10000ms)
      at ignore-listed frames {
    code: 'UND_ERR_CONNECT_TIMEOUT'
  }
}
Failed to sync Telegram replies [TypeError: fetch failed] {
  [cause]: Error [ConnectTimeoutError]: Connect Timeout Error (attempted addresses: 149.154.166.110:443, 2001:67c:4e8:f004::9:443, timeout: 10000ms)
      at ignore-listed frames {
    code: 'UND_ERR_CONNECT_TIMEOUT'
  }
}
Failed to sync Telegram replies [TypeError: fetch failed] {
  [cause]: Error [ConnectTimeoutError]: Connect Timeout Error (attempted addresses: 149.154.166.110:443, 2001:67c:4e8:f004::9:443, timeout: 10000ms)
      at ignore-listed frames {
    code: 'UND_ERR_CONNECT_TIMEOUT'
  }
}
Failed to sync Telegram replies [TypeError: fetch failed] {
  [cause]: Error [ConnectTimeoutError]: Connect Timeout Error (attempted addresses: 149.154.166.110:443, 2001:67c:4e8:f004::9:443, timeout: 10000ms)
      at ignore-listed frames {
    code: 'UND_ERR_CONNECT_TIMEOUT'
  }
}
⨯ Error [InvariantError]: Invariant: The client reference manifest for route "/contacts" does not exist. This is a bug in Next.js.
    at ignore-listed frames
⨯ Error [InvariantError]: Invariant: The client reference manifest for route "/contacts" does not exist. This is a bug in Next.js.
    at ignore-listed frames
⨯ Error: Failed to load static file for page: /500 ENOENT: no such file or directory, open 'C:\Users\ASUS\Desktop\Адамант\adamant-next\.next\server\pages\500.html'
    at ignore-listed frames
⨯ Error [InvariantError]: Invariant: The client reference manifest for route "/contacts" does not exist. This is a bug in Next.js.
    at ignore-listed frames
⨯ Error [InvariantError]: Invariant: The client reference manifest for route "/contacts" does not exist. This is a bug in Next.js.
    at ignore-listed frames
⨯ Error: Failed to load static file for page: /500 ENOENT: no such file or directory, open 'C:\Users\ASUS\Desktop\Адамант\adamant-next\.next\server\pages\500.html'
    at ignore-listed frames
⨯ Error [InvariantError]: Invariant: The client reference manifest for route "/blog" does not exist. This is a bug in Next.js.
    at ignore-listed frames
⨯ Error [InvariantError]: Invariant: The client reference manifest for route "/blog" does not exist. This is a bug in Next.js.
    at ignore-listed frames
⨯ Error: Failed to load static file for page: /500 ENOENT: no such file or directory, open 'C:\Users\ASUS\Desktop\Адамант\adamant-next\.next\server\pages\500.html'
    at ignore-listed frames
Failed to sync Telegram replies [TypeError: fetch failed] {
  [cause]: Error [ConnectTimeoutError]: Connect Timeout Error (attempted addresses: 149.154.166.110:443, 2001:67c:4e8:f004::9:443, timeout: 10000ms)
      at ignore-listed frames {
    code: 'UND_ERR_CONNECT_TIMEOUT'
  }
}
Failed to sync Telegram replies [TypeError: fetch failed] {
  [cause]: Error [ConnectTimeoutError]: Connect Timeout Error (attempted addresses: 149.154.166.110:443, 2001:67c:4e8:f004::9:443, timeout: 10000ms)
      at ignore-listed frames {
    code: 'UND_ERR_CONNECT_TIMEOUT'
  }
}
Failed to sync Telegram replies [TypeError: fetch failed] {
  [cause]: Error [ConnectTimeoutError]: Connect Timeout Error (attempted addresses: 149.154.166.110:443, 2001:67c:4e8:f004::9:443, timeout: 10000ms)
      at ignore-listed frames {
    code: 'UND_ERR_CONNECT_TIMEOUT'
  }
}
Failed to sync Telegram replies [TypeError: fetch failed] {
  [cause]: Error [ConnectTimeoutError]: Connect Timeout Error (attempted addresses: 149.154.166.110:443, 2001:67c:4e8:f004::9:443, timeout: 10000ms)
      at ignore-listed frames {
    code: 'UND_ERR_CONNECT_TIMEOUT'
  }
}
