Failed to sync Telegram replies [TypeError: fetch failed] {
  [cause]: Error [ConnectTimeoutError]: Connect Timeout Error (attempted addresses: 149.154.166.110:443, 2001:67c:4e8:f004::9:443, timeout: 10000ms)
      at ignore-listed frames {
    code: 'UND_ERR_CONNECT_TIMEOUT'
  }
}
Failed to sync Telegram replies [TypeError: fetch failed] {
  [cause]: Error [ConnectTimeoutError]: Connect Timeout Error (attempted addresses: 149.154.166.110:443, 2001:67c:4e8:f004::9:443, timeout: 10000ms)
      at ignore-listed frames {
    code: 'UND_ERR_CONNECT_TIMEOUT'
  }
}
Failed to sync Telegram replies [TypeError: fetch failed] {
  [cause]: Error: getaddrinfo ENOTFOUND api.telegram.org
      at ignore-listed frames {
    errno: -3008,
    code: 'ENOTFOUND',
    syscall: 'getaddrinfo',
    hostname: 'api.telegram.org'
  }
}
Failed to sync Telegram replies [TypeError: fetch failed] {
  [cause]: Error [ConnectTimeoutError]: Connect Timeout Error (attempted addresses: 149.154.166.110:443, 2001:67c:4e8:f004::9:443, timeout: 10000ms)
      at ignore-listed frames {
    code: 'UND_ERR_CONNECT_TIMEOUT'
  }
}
Failed to sync Telegram replies [TypeError: fetch failed] {
  [cause]: Error [ConnectTimeoutError]: Connect Timeout Error (attempted addresses: 149.154.166.110:443, 2001:67c:4e8:f004::9:443, timeout: 10000ms)
      at ignore-listed frames {
    code: 'UND_ERR_CONNECT_TIMEOUT'
  }
}
Failed to sync Telegram replies [TypeError: fetch failed] {
  [cause]: Error [ConnectTimeoutError]: Connect Timeout Error (attempted addresses: 149.154.166.110:443, 2001:67c:4e8:f004::9:443, timeout: 10000ms)
      at ignore-listed frames {
    code: 'UND_ERR_CONNECT_TIMEOUT'
  }
}
Failed to sync Telegram replies [TypeError: fetch failed] {
  [cause]: Error [ConnectTimeoutError]: Connect Timeout Error (attempted addresses: 149.154.166.110:443, 2001:67c:4e8:f004::9:443, timeout: 10000ms)
      at ignore-listed frames {
    code: 'UND_ERR_CONNECT_TIMEOUT'
  }
}
Failed to sync Telegram replies [TypeError: fetch failed] {
  [cause]: Error [ConnectTimeoutError]: Connect Timeout Error (attempted addresses: 149.154.166.110:443, 2001:67c:4e8:f004::9:443, timeout: 10000ms)
      at ignore-listed frames {
    code: 'UND_ERR_CONNECT_TIMEOUT'
  }
}
Failed to sync Telegram replies [TypeError: fetch failed] {
  [cause]: Error [ConnectTimeoutError]: Connect Timeout Error (attempted addresses: 149.154.166.110:443, 2001:67c:4e8:f004::9:443, timeout: 10000ms)
      at ignore-listed frames {
    code: 'UND_ERR_CONNECT_TIMEOUT'
  }
}
Failed to sync Telegram replies [TypeError: fetch failed] {
  [cause]: Error [ConnectTimeoutError]: Connect Timeout Error (attempted addresses: 149.154.166.110:443, 2001:67c:4e8:f004::9:443, timeout: 10000ms)
      at ignore-listed frames {
    code: 'UND_ERR_CONNECT_TIMEOUT'
  }
}
Failed to sync Telegram replies [TypeError: fetch failed] {
  [cause]: Error [ConnectTimeoutError]: Connect Timeout Error (attempted addresses: 149.154.166.110:443, 2001:67c:4e8:f004::9:443, timeout: 10000ms)
      at ignore-listed frames {
    code: 'UND_ERR_CONNECT_TIMEOUT'
  }
}
Failed to sync Telegram replies [TypeError: fetch failed] {
  [cause]: Error [ConnectTimeoutError]: Connect Timeout Error (attempted addresses: 149.154.166.110:443, 2001:67c:4e8:f004::9:443, timeout: 10000ms)
      at ignore-listed frames {
    code: 'UND_ERR_CONNECT_TIMEOUT'
  }
}
Failed to sync Telegram replies [TypeError: fetch failed] {
  [cause]: Error [ConnectTimeoutError]: Connect Timeout Error (attempted addresses: 149.154.166.110:443, 2001:67c:4e8:f004::9:443, timeout: 10000ms)
      at ignore-listed frames {
    code: 'UND_ERR_CONNECT_TIMEOUT'
  }
}
Failed to sync Telegram replies [TypeError: fetch failed] {
  [cause]: Error [ConnectTimeoutError]: Connect Timeout Error (attempted addresses: 149.154.166.110:443, 2001:67c:4e8:f004::9:443, timeout: 10000ms)
      at ignore-listed frames {
    code: 'UND_ERR_CONNECT_TIMEOUT'
  }
}
